// Jest Snapshot v1, https://goo.gl/fbAQLP

exports[`ArticleList renders correctly 1`] = `
<div>
  <div>
    <div />
    <div />
    <div>
      <a
        href={undefined}
      >
         
      </a>
    </div>
    <div />
    <br />
    <br />
  </div>
  <div>
    <div />
    <div />
    <div>
      <a
        href={undefined}
      >
         
      </a>
    </div>
    <div />
    <br />
    <br />
  </div>
</div>
`;
